// Jest Snapshot v1, https://goo.gl/fbAQLP

exports[`<Card /> should render <Card /> correct 1`] = `
<DocumentFragment>
  <div
    class="round-sm border-2 h-full  flex-1"
    data-testid="card-container"
  >
    <div />
    <div />
    <div />
    <div
      data-testid="card-text"
    >
      已點擊
    </div>
    <div>
      123
    </div>
  </div>
</DocumentFragment>
`;
